1
foo=bar
2
PATH not found
3
bar
4
one=1
three=3
two=2