1
yes
no
2
no
3
Hello World
Hello World
'Hello World'
"Hello World"
Hello World
안녕하세요

