1
A
2
EOF
3
EOF
4
Hello World
5
Hello World
6
write fail

